clock in app for cna's 

clock in connects them to the server, each cna has a predefined set of patients and assigned medication

-app ui
-c++ classes and method structure
  -cna
  -patient
  -if time: video chat
  -emergency/medication ding
-push to google store
aayushgajakas@Aayushs-MacBook-Pro-4 HackKu25 % git init
Reinitialized existing Git repository in /Users/aayushgajakas/Desktop/HackKu25/.git/
aayushgajakas@Aayushs-MacBook-Pro-4 HackKu25 % git status
On branch main
Your branch is up to date with 'origin/main'.

Untracked files:
  (use "git add <file>..." to include in what will be committed)
        models/

nothing added to commit but untracked files present (use "git add" to track)
aayushgajakas@Aayushs-MacBook-Pro-4 HackKu25 % git add .
aayushgajakas@Aayushs-MacBook-Pro-4 HackKu25 % git commit -m "Adding Model Folder"
[main 49f6b56] Adding Model Folder
 1 file changed, 3 insertions(+)
 create mode 100644 models/patient.dart
aayushgajakas@Aayushs-MacBook-Pro-4 HackKu25 % git push origin main
Enumerating objects: 5, done.
Counting objects: 100% (5/5), done.
Delta compression using up to 10 threads
Compressing objects: 100% (2/2), done.
Writing objects: 100% (4/4), 363 bytes | 363.00 KiB/s, done.
Total 4 (delta 1), reused 0 (delta 0), pack-reused 0
remote: Resolving deltas: 100% (1/1), completed with 1 local object.
To https://github.com/twebb810/HackKu25.git
   fb63ccf..49f6b56  main -> main
aayushgajakas@Aayushs-MacBook-Pro-4 HackKu25 % flutter --version 
Flutter 3.29.2 • channel stable • https://github.com/flutter/flutter.git
Framework • revision c236373904 (3 weeks ago) • 2025-03-13 16:17:06 -0400
Engine • revision 18b71d647a
Tools • Dart 3.7.2 • DevTools 2.42.3
aayushgajakas@Aayushs-MacBook-Pro-4 HackKu25 % flutter create nursing_home_aide
Creating project nursing_home_aide...
Resolving dependencies in `nursing_home_aide`... 
Downloading packages... 
Got dependencies in `nursing_home_aide`.
Wrote 130 files.

All done!
You can find general documentation for Flutter at: https://docs.flutter.dev/
Detailed API documentation is available at: https://api.flutter.dev/
If you prefer video documentation, consider: https://www.youtube.com/c/flutterdev

In order to run your application, type:

  $ cd nursing_home_aide
  $ flutter run

Your application code is in nursing_home_aide/lib/main.dart.
